C:\Users\jonel\Downloads\tyler_project.py
C:\Users\jonel\Downloads\Tyler_Scatterplot.py
C:\Users\jonel\Downloads\practice-7-1 (1).py
C:\Users\jonel\Downloads\matplot.py
C:\Users\jonel\sentiment-analysis\tyler_project.py
C:\Users\jonel\OneDrive\Documents\Python Programming class\9-2.py
C:\Users\jonel\OneDrive\Documents\Python Programming class\HP10-1.py
C:\Users\jonel\OneDrive\Documents\Python Programming class\practice-10-1.py
C:\Users\jonel\Downloads\bankaccount.py
C:\Users\jonel\OneDrive\Documents\Python Programming class\HP10-2.py
C:\Users\jonel\OneDrive\Documents\Python Programming class\HP5-4.py
C:\Users\jonel\OneDrive\Documents\Python Programming class\HP5-3a.py
C:\Users\jonel\OneDrive\Documents\Python Programming class\HP5-3b.py
C:\Users\jonel\Downloads\practice-7-1.py
C:\Users\jonel\Downloads\HP-1A (1).py
C:\Users\jonel\Downloads\HP7-1.py
C:\Users\jonel\Downloads\HP-1A.py
C:\Users\jonel\OneDrive\Documents\Python Programming class\HP7-4.py
C:\Users\jonel\OneDrive\Documents\Python Programming class\HP7-1.py
C:\Users\jonel\OneDrive\Documents\Python Programming class\HP7-1.0.py
C:\Users\jonel\OneDrive\Documents\Python Programming class\sad.py
